Archive member included because of file (symbol)

/usr/local/CrossPack-AVR-20131216/lib/gcc/avr/4.8.1/avr25/libgcc.a(_exit.o)
                              /usr/local/CrossPack-AVR-20131216/lib/gcc/avr/4.8.1/../../../../avr/lib/avr25/crttn85.o (exit)
/usr/local/CrossPack-AVR-20131216/lib/gcc/avr/4.8.1/avr25/libgcc.a(_copy_data.o)
                              main.o (__do_copy_data)
/usr/local/CrossPack-AVR-20131216/lib/gcc/avr/4.8.1/avr25/libgcc.a(_clear_bss.o)
                              button_state.o (__do_clear_bss)

Allocating common symbols
Common symbol       size              file

timer_b             0x2               timer.o
timer_a             0x2               timer.o

Memory Configuration

Name             Origin             Length             Attributes
text             0x00000000         0x00002000         xr
data             0x00800060         0x0000ffa0         rw !x
eeprom           0x00810000         0x00010000         rw !x
fuse             0x00820000         0x00000400         rw !x
lock             0x00830000         0x00000400         rw !x
signature        0x00840000         0x00000400         rw !x
user_signatures  0x00850000         0x00000400         rw !x
*default*        0x00000000         0xffffffff

Linker script and memory map

LOAD /usr/local/CrossPack-AVR-20131216/lib/gcc/avr/4.8.1/../../../../avr/lib/avr25/crttn85.o
LOAD button_state.o
LOAD light_state.o
LOAD main.o
LOAD timer.o
START GROUP
LOAD /usr/local/CrossPack-AVR-20131216/lib/gcc/avr/4.8.1/avr25/libgcc.a
LOAD /usr/local/CrossPack-AVR-20131216/lib/gcc/avr/4.8.1/../../../../avr/lib/avr25/libm.a
LOAD /usr/local/CrossPack-AVR-20131216/lib/gcc/avr/4.8.1/../../../../avr/lib/avr25/libc.a
END GROUP

.hash
 *(.hash)

.dynsym
 *(.dynsym)

.dynstr
 *(.dynstr)

.gnu.version
 *(.gnu.version)

.gnu.version_d
 *(.gnu.version_d)

.gnu.version_r
 *(.gnu.version_r)

.rel.init
 *(.rel.init)

.rela.init
 *(.rela.init)

.rel.text
 *(.rel.text)
 *(.rel.text.*)
 *(.rel.gnu.linkonce.t*)

.rela.text
 *(.rela.text)
 *(.rela.text.*)
 *(.rela.gnu.linkonce.t*)

.rel.fini
 *(.rel.fini)

.rela.fini
 *(.rela.fini)

.rel.rodata
 *(.rel.rodata)
 *(.rel.rodata.*)
 *(.rel.gnu.linkonce.r*)

.rela.rodata
 *(.rela.rodata)
 *(.rela.rodata.*)
 *(.rela.gnu.linkonce.r*)

.rel.data
 *(.rel.data)
 *(.rel.data.*)
 *(.rel.gnu.linkonce.d*)

.rela.data
 *(.rela.data)
 *(.rela.data.*)
 *(.rela.gnu.linkonce.d*)

.rel.ctors
 *(.rel.ctors)

.rela.ctors
 *(.rela.ctors)

.rel.dtors
 *(.rel.dtors)

.rela.dtors
 *(.rela.dtors)

.rel.got
 *(.rel.got)

.rela.got
 *(.rela.got)

.rel.bss
 *(.rel.bss)

.rela.bss
 *(.rela.bss)

.rel.plt
 *(.rel.plt)

.rela.plt
 *(.rela.plt)

.text           0x00000000      0x232
 *(.vectors)
 .vectors       0x00000000       0x1e /usr/local/CrossPack-AVR-20131216/lib/gcc/avr/4.8.1/../../../../avr/lib/avr25/crttn85.o
                0x00000000                __vectors
                0x00000000                __vector_default
 *(.vectors)
 *(.progmem.gcc*)
                0x0000001e                . = ALIGN (0x2)
                0x0000001e                __trampolines_start = .
 *(.trampolines)
 .trampolines   0x0000001e        0x0 linker stubs
 *(.trampolines*)
                0x0000001e                __trampolines_end = .
 *(.progmem*)
                0x0000001e                . = ALIGN (0x2)
 *(.jumptables)
 *(.jumptables*)
 *(.lowtext)
 *(.lowtext*)
                0x0000001e                __ctors_start = .
 *(.ctors)
                0x0000001e                __ctors_end = .
                0x0000001e                __dtors_start = .
 *(.dtors)
                0x0000001e                __dtors_end = .
 SORT(*)(.ctors)
 SORT(*)(.dtors)
 *(.init0)
 .init0         0x0000001e        0x0 /usr/local/CrossPack-AVR-20131216/lib/gcc/avr/4.8.1/../../../../avr/lib/avr25/crttn85.o
                0x0000001e                __init
 *(.init0)
 *(.init1)
 *(.init1)
 *(.init2)
 .init2         0x0000001e        0xc /usr/local/CrossPack-AVR-20131216/lib/gcc/avr/4.8.1/../../../../avr/lib/avr25/crttn85.o
 *(.init2)
 *(.init3)
 *(.init3)
 *(.init4)
 .init4         0x0000002a       0x16 /usr/local/CrossPack-AVR-20131216/lib/gcc/avr/4.8.1/avr25/libgcc.a(_copy_data.o)
                0x0000002a                __do_copy_data
 .init4         0x00000040       0x10 /usr/local/CrossPack-AVR-20131216/lib/gcc/avr/4.8.1/avr25/libgcc.a(_clear_bss.o)
                0x00000040                __do_clear_bss
 *(.init4)
 *(.init5)
 *(.init5)
 *(.init6)
 *(.init6)
 *(.init7)
 *(.init7)
 *(.init8)
 *(.init8)
 *(.init9)
 .init9         0x00000050        0x4 /usr/local/CrossPack-AVR-20131216/lib/gcc/avr/4.8.1/../../../../avr/lib/avr25/crttn85.o
 *(.init9)
 *(.text)
 .text          0x00000054        0x2 /usr/local/CrossPack-AVR-20131216/lib/gcc/avr/4.8.1/../../../../avr/lib/avr25/crttn85.o
                0x00000054                __vector_14
                0x00000054                __bad_interrupt
                0x00000054                __vector_6
                0x00000054                __vector_3
                0x00000054                __vector_13
                0x00000054                __vector_7
                0x00000054                __vector_5
                0x00000054                __vector_4
                0x00000054                __vector_9
                0x00000054                __vector_2
                0x00000054                __vector_8
                0x00000054                __vector_12
 .text          0x00000056       0xa2 button_state.o
                0x00000056                interrupt_init
                0x00000060                button_flag_status
                0x0000008e                button_status
                0x000000d0                __vector_1
 .text          0x000000f8       0x6e light_state.o
                0x000000f8                light_status
 .text          0x00000166        0x0 main.o
 .text          0x00000166       0x9c timer.o
                0x00000166                timer_init
                0x0000017e                get_ticks
                0x00000188                get_debounce
                0x00000192                get_sleep
                0x0000019c                __vector_10
                0x000001ee                __vector_11
 .text          0x00000202        0x0 /usr/local/CrossPack-AVR-20131216/lib/gcc/avr/4.8.1/avr25/libgcc.a(_exit.o)
 .text          0x00000202        0x0 /usr/local/CrossPack-AVR-20131216/lib/gcc/avr/4.8.1/avr25/libgcc.a(_copy_data.o)
 .text          0x00000202        0x0 /usr/local/CrossPack-AVR-20131216/lib/gcc/avr/4.8.1/avr25/libgcc.a(_clear_bss.o)
                0x00000202                . = ALIGN (0x2)
 *(.text.*)
 .text.startup  0x00000202       0x2c main.o
                0x00000202                main
 .text.libgcc.mul
                0x0000022e        0x0 /usr/local/CrossPack-AVR-20131216/lib/gcc/avr/4.8.1/avr25/libgcc.a(_exit.o)
 .text.libgcc.div
                0x0000022e        0x0 /usr/local/CrossPack-AVR-20131216/lib/gcc/avr/4.8.1/avr25/libgcc.a(_exit.o)
 .text.libgcc   0x0000022e        0x0 /usr/local/CrossPack-AVR-20131216/lib/gcc/avr/4.8.1/avr25/libgcc.a(_exit.o)
 .text.libgcc.prologue
                0x0000022e        0x0 /usr/local/CrossPack-AVR-20131216/lib/gcc/avr/4.8.1/avr25/libgcc.a(_exit.o)
 .text.libgcc.builtins
                0x0000022e        0x0 /usr/local/CrossPack-AVR-20131216/lib/gcc/avr/4.8.1/avr25/libgcc.a(_exit.o)
 .text.libgcc.fmul
                0x0000022e        0x0 /usr/local/CrossPack-AVR-20131216/lib/gcc/avr/4.8.1/avr25/libgcc.a(_exit.o)
 .text.libgcc.fixed
                0x0000022e        0x0 /usr/local/CrossPack-AVR-20131216/lib/gcc/avr/4.8.1/avr25/libgcc.a(_exit.o)
 .text.libgcc.mul
                0x0000022e        0x0 /usr/local/CrossPack-AVR-20131216/lib/gcc/avr/4.8.1/avr25/libgcc.a(_copy_data.o)
 .text.libgcc.div
                0x0000022e        0x0 /usr/local/CrossPack-AVR-20131216/lib/gcc/avr/4.8.1/avr25/libgcc.a(_copy_data.o)
 .text.libgcc   0x0000022e        0x0 /usr/local/CrossPack-AVR-20131216/lib/gcc/avr/4.8.1/avr25/libgcc.a(_copy_data.o)
 .text.libgcc.prologue
                0x0000022e        0x0 /usr/local/CrossPack-AVR-20131216/lib/gcc/avr/4.8.1/avr25/libgcc.a(_copy_data.o)
 .text.libgcc.builtins
                0x0000022e        0x0 /usr/local/CrossPack-AVR-20131216/lib/gcc/avr/4.8.1/avr25/libgcc.a(_copy_data.o)
 .text.libgcc.fmul
                0x0000022e        0x0 /usr/local/CrossPack-AVR-20131216/lib/gcc/avr/4.8.1/avr25/libgcc.a(_copy_data.o)
 .text.libgcc.fixed
                0x0000022e        0x0 /usr/local/CrossPack-AVR-20131216/lib/gcc/avr/4.8.1/avr25/libgcc.a(_copy_data.o)
 .text.libgcc.mul
                0x0000022e        0x0 /usr/local/CrossPack-AVR-20131216/lib/gcc/avr/4.8.1/avr25/libgcc.a(_clear_bss.o)
 .text.libgcc.div
                0x0000022e        0x0 /usr/local/CrossPack-AVR-20131216/lib/gcc/avr/4.8.1/avr25/libgcc.a(_clear_bss.o)
 .text.libgcc   0x0000022e        0x0 /usr/local/CrossPack-AVR-20131216/lib/gcc/avr/4.8.1/avr25/libgcc.a(_clear_bss.o)
 .text.libgcc.prologue
                0x0000022e        0x0 /usr/local/CrossPack-AVR-20131216/lib/gcc/avr/4.8.1/avr25/libgcc.a(_clear_bss.o)
 .text.libgcc.builtins
                0x0000022e        0x0 /usr/local/CrossPack-AVR-20131216/lib/gcc/avr/4.8.1/avr25/libgcc.a(_clear_bss.o)
 .text.libgcc.fmul
                0x0000022e        0x0 /usr/local/CrossPack-AVR-20131216/lib/gcc/avr/4.8.1/avr25/libgcc.a(_clear_bss.o)
 .text.libgcc.fixed
                0x0000022e        0x0 /usr/local/CrossPack-AVR-20131216/lib/gcc/avr/4.8.1/avr25/libgcc.a(_clear_bss.o)
                0x0000022e                . = ALIGN (0x2)
 *(.fini9)
 .fini9         0x0000022e        0x0 /usr/local/CrossPack-AVR-20131216/lib/gcc/avr/4.8.1/avr25/libgcc.a(_exit.o)
                0x0000022e                exit
                0x0000022e                _exit
 *(.fini9)
 *(.fini8)
 *(.fini8)
 *(.fini7)
 *(.fini7)
 *(.fini6)
 *(.fini6)
 *(.fini5)
 *(.fini5)
 *(.fini4)
 *(.fini4)
 *(.fini3)
 *(.fini3)
 *(.fini2)
 *(.fini2)
 *(.fini1)
 *(.fini1)
 *(.fini0)
 .fini0         0x0000022e        0x4 /usr/local/CrossPack-AVR-20131216/lib/gcc/avr/4.8.1/avr25/libgcc.a(_exit.o)
 *(.fini0)
                0x00000232                _etext = .

.data           0x00800060        0x2 load address 0x00000232
                0x00800060                PROVIDE (__data_start, .)
 *(.data)
 .data          0x00800060        0x0 /usr/local/CrossPack-AVR-20131216/lib/gcc/avr/4.8.1/../../../../avr/lib/avr25/crttn85.o
 .data          0x00800060        0x0 button_state.o
 .data          0x00800060        0x0 light_state.o
 .data          0x00800060        0x2 main.o
                0x00800060                eLanternServicePeriod
 .data          0x00800062        0x0 timer.o
 .data          0x00800062        0x0 /usr/local/CrossPack-AVR-20131216/lib/gcc/avr/4.8.1/avr25/libgcc.a(_exit.o)
 .data          0x00800062        0x0 /usr/local/CrossPack-AVR-20131216/lib/gcc/avr/4.8.1/avr25/libgcc.a(_copy_data.o)
 .data          0x00800062        0x0 /usr/local/CrossPack-AVR-20131216/lib/gcc/avr/4.8.1/avr25/libgcc.a(_clear_bss.o)
 *(.data*)
 *(.rodata)
 *(.rodata*)
 *(.gnu.linkonce.d*)
                0x00800062                . = ALIGN (0x2)
                0x00800062                _edata = .
                0x00800062                PROVIDE (__data_end, .)

.bss            0x00800062       0x10
                0x00800062                PROVIDE (__bss_start, .)
 *(.bss)
 .bss           0x00800062        0x0 /usr/local/CrossPack-AVR-20131216/lib/gcc/avr/4.8.1/../../../../avr/lib/avr25/crttn85.o
 .bss           0x00800062        0x4 button_state.o
                0x00800062                switch_state
                0x00800064                button_flag
 .bss           0x00800066        0x2 light_state.o
                0x00800066                light_state
 .bss           0x00800068        0x0 main.o
 .bss           0x00800068        0x6 timer.o
                0x00800068                sleep_timer
                0x0080006a                debounce_timer
                0x0080006c                ticks
 .bss           0x0080006e        0x0 /usr/local/CrossPack-AVR-20131216/lib/gcc/avr/4.8.1/avr25/libgcc.a(_exit.o)
 .bss           0x0080006e        0x0 /usr/local/CrossPack-AVR-20131216/lib/gcc/avr/4.8.1/avr25/libgcc.a(_copy_data.o)
 .bss           0x0080006e        0x0 /usr/local/CrossPack-AVR-20131216/lib/gcc/avr/4.8.1/avr25/libgcc.a(_clear_bss.o)
 *(.bss*)
 *(COMMON)
 COMMON         0x0080006e        0x4 timer.o
                0x0080006e                timer_b
                0x00800070                timer_a
                0x00800072                PROVIDE (__bss_end, .)
                0x00000232                __data_load_start = LOADADDR (.data)
                0x00000234                __data_load_end = (__data_load_start + SIZEOF (.data))

.noinit         0x00800072        0x0
                0x00800072                PROVIDE (__noinit_start, .)
 *(.noinit*)
                0x00800072                PROVIDE (__noinit_end, .)
                0x00800072                _end = .
                0x00800072                PROVIDE (__heap_start, .)

.eeprom         0x00810000        0x0
 *(.eeprom*)
                0x00810000                __eeprom_end = .

.fuse
 *(.fuse)
 *(.lfuse)
 *(.hfuse)
 *(.efuse)

.lock
 *(.lock*)

.signature
 *(.signature*)

.user_signatures
 *(.user_signatures*)

.stab
 *(.stab)

.stabstr
 *(.stabstr)

.stab.excl
 *(.stab.excl)

.stab.exclstr
 *(.stab.exclstr)

.stab.index
 *(.stab.index)

.stab.indexstr
 *(.stab.indexstr)

.comment        0x00000000       0x11
 *(.comment)
 .comment       0x00000000       0x11 button_state.o
                                 0x12 (size before relaxing)
 .comment       0x00000000       0x12 light_state.o
 .comment       0x00000000       0x12 main.o
 .comment       0x00000000       0x12 timer.o

.debug
 *(.debug)

.line
 *(.line)

.debug_srcinfo
 *(.debug_srcinfo)

.debug_sfnames
 *(.debug_sfnames)

.debug_aranges  0x00000000       0xe0
 *(.debug_aranges)
 .debug_aranges
                0x00000000       0x20 button_state.o
 .debug_aranges
                0x00000020       0x20 light_state.o
 .debug_aranges
                0x00000040       0x20 main.o
 .debug_aranges
                0x00000060       0x20 timer.o
 .debug_aranges
                0x00000080       0x20 /usr/local/CrossPack-AVR-20131216/lib/gcc/avr/4.8.1/avr25/libgcc.a(_exit.o)
 .debug_aranges
                0x000000a0       0x20 /usr/local/CrossPack-AVR-20131216/lib/gcc/avr/4.8.1/avr25/libgcc.a(_copy_data.o)
 .debug_aranges
                0x000000c0       0x20 /usr/local/CrossPack-AVR-20131216/lib/gcc/avr/4.8.1/avr25/libgcc.a(_clear_bss.o)

.debug_pubnames
 *(.debug_pubnames)

.debug_info     0x00000000      0x696
 *(.debug_info)
 .debug_info    0x00000000      0x115 button_state.o
 .debug_info    0x00000115       0xc7 light_state.o
 .debug_info    0x000001dc      0x12e main.o
 .debug_info    0x0000030a      0x14f timer.o
 .debug_info    0x00000459       0xbf /usr/local/CrossPack-AVR-20131216/lib/gcc/avr/4.8.1/avr25/libgcc.a(_exit.o)
 .debug_info    0x00000518       0xbf /usr/local/CrossPack-AVR-20131216/lib/gcc/avr/4.8.1/avr25/libgcc.a(_copy_data.o)
 .debug_info    0x000005d7       0xbf /usr/local/CrossPack-AVR-20131216/lib/gcc/avr/4.8.1/avr25/libgcc.a(_clear_bss.o)
 *(.gnu.linkonce.wi.*)

.debug_abbrev   0x00000000      0x2c5
 *(.debug_abbrev)
 .debug_abbrev  0x00000000       0xc0 button_state.o
 .debug_abbrev  0x000000c0       0x92 light_state.o
 .debug_abbrev  0x00000152       0xa9 main.o
 .debug_abbrev  0x000001fb       0x8e timer.o
 .debug_abbrev  0x00000289       0x14 /usr/local/CrossPack-AVR-20131216/lib/gcc/avr/4.8.1/avr25/libgcc.a(_exit.o)
 .debug_abbrev  0x0000029d       0x14 /usr/local/CrossPack-AVR-20131216/lib/gcc/avr/4.8.1/avr25/libgcc.a(_copy_data.o)
 .debug_abbrev  0x000002b1       0x14 /usr/local/CrossPack-AVR-20131216/lib/gcc/avr/4.8.1/avr25/libgcc.a(_clear_bss.o)

.debug_line     0x00000000      0x37c
 *(.debug_line)
 .debug_line    0x00000000       0x9d button_state.o
 .debug_line    0x0000009d       0xa2 light_state.o
 .debug_line    0x0000013f       0xa4 main.o
 .debug_line    0x000001e3       0x82 timer.o
 .debug_line    0x00000265       0x58 /usr/local/CrossPack-AVR-20131216/lib/gcc/avr/4.8.1/avr25/libgcc.a(_exit.o)
 .debug_line    0x000002bd       0x61 /usr/local/CrossPack-AVR-20131216/lib/gcc/avr/4.8.1/avr25/libgcc.a(_copy_data.o)
 .debug_line    0x0000031e       0x5e /usr/local/CrossPack-AVR-20131216/lib/gcc/avr/4.8.1/avr25/libgcc.a(_clear_bss.o)

.debug_frame    0x00000000      0x150
 *(.debug_frame)
 .debug_frame   0x00000000       0x74 button_state.o
 .debug_frame   0x00000074       0x24 light_state.o
 .debug_frame   0x00000098       0x24 main.o
 .debug_frame   0x000000bc       0x94 timer.o

.debug_str      0x00000000      0x1bc
 *(.debug_str)
 .debug_str     0x00000000      0x118 button_state.o
                                0x14c (size before relaxing)
 .debug_str     0x00000118       0x3d light_state.o
                                0x116 (size before relaxing)
 .debug_str     0x00000155       0x37 main.o
                                0x141 (size before relaxing)
 .debug_str     0x0000018c       0x30 timer.o
                                0x14a (size before relaxing)

.debug_loc      0x00000000       0xf0
 *(.debug_loc)
 .debug_loc     0x00000000       0x78 button_state.o
 .debug_loc     0x00000078       0x78 timer.o

.debug_macinfo
 *(.debug_macinfo)

.debug_pubtypes
 *(.debug_pubtypes)

.debug_ranges   0x00000000       0x10
 *(.debug_ranges)
 .debug_ranges  0x00000000       0x10 main.o

.debug_macro
 *(.debug_macro)
OUTPUT(project.elf elf32-avr)
LOAD linker stubs
